// Jest Snapshot v1, https://goo.gl/fbAQLP

exports[`ButtonHeader ButtonHeader snapshoot 1`] = `
<View
  style={
    {
      "alignItems": "center",
      "flexDirection": "row",
      "justifyContent": "space-evenly",
      "marginBottom": 12,
    }
  }
>
  <View
    accessibilityState={
      {
        "busy": undefined,
        "checked": undefined,
        "disabled": undefined,
        "expanded": undefined,
        "selected": undefined,
      }
    }
    accessibilityValue={
      {
        "max": undefined,
        "min": undefined,
        "now": undefined,
        "text": undefined,
      }
    }
    accessible={true}
    collapsable={false}
    focusable={true}
    onClick={[Function]}
    onResponderGrant={[Function]}
    onResponderMove={[Function]}
    onResponderRelease={[Function]}
    onResponderTerminate={[Function]}
    onResponderTerminationRequest={[Function]}
    onStartShouldSetResponder={[Function]}
    style={
      {
        "alignItems": "center",
        "alignSelf": "center",
        "backgroundColor": "#FFC107",
        "borderRadius": 11,
        "height": 66,
        "justifyContent": "center",
        "marginHorizontal": 12,
        "marginTop": 24,
        "maxWidth": "40%",
        "opacity": 1,
        "width": 231,
      }
    }
  >
    <Text
      style={
        {
          "color": "#212121",
          "fontFamily": "Karla",
          "fontSize": 23,
          "fontStyle": "normal",
          "fontWeight": "700",
        }
      }
    >
      Filter
    </Text>
  </View>
  <View
    accessibilityState={
      {
        "busy": undefined,
        "checked": undefined,
        "disabled": undefined,
        "expanded": undefined,
        "selected": undefined,
      }
    }
    accessibilityValue={
      {
        "max": undefined,
        "min": undefined,
        "now": undefined,
        "text": undefined,
      }
    }
    accessible={true}
    collapsable={false}
    focusable={true}
    onClick={[Function]}
    onResponderGrant={[Function]}
    onResponderMove={[Function]}
    onResponderRelease={[Function]}
    onResponderTerminate={[Function]}
    onResponderTerminationRequest={[Function]}
    onStartShouldSetResponder={[Function]}
    style={
      {
        "alignItems": "center",
        "alignSelf": "center",
        "backgroundColor": "#FFC107",
        "borderRadius": 11,
        "height": 66,
        "justifyContent": "center",
        "marginHorizontal": 12,
        "marginTop": 24,
        "maxWidth": "40%",
        "opacity": 1,
        "width": 231,
      }
    }
  >
    <Text
      style={
        {
          "color": "#212121",
          "fontFamily": "Karla",
          "fontSize": 23,
          "fontStyle": "normal",
          "fontWeight": "700",
        }
      }
    >
      Reset
    </Text>
  </View>
</View>
`;
